[debug] [2026-06-04T12:47:46.425Z] ----------------------------------------------------------------------
[debug] [2026-06-04T12:47:46.427Z] Command:       C:\Program Files\nodejs\node.exe C:\Users\adhua\AppData\Roaming\npm\node_modules\firebase-tools\lib\bin\firebase.js deploy --only hosting
[debug] [2026-06-04T12:47:46.428Z] CLI Version:   15.19.1
[debug] [2026-06-04T12:47:46.428Z] Platform:      win32
[debug] [2026-06-04T12:47:46.428Z] Node Version:  v22.14.0
[debug] [2026-06-04T12:47:46.428Z] Time:          Thu Jun 04 2026 18:17:46 GMT+0530 (India Standard Time)
[debug] [2026-06-04T12:47:46.428Z] ----------------------------------------------------------------------
[debug] 
[debug] [2026-06-04T12:47:48.469Z] > command requires scopes: ["email","openid","https://www.googleapis.com/auth/cloudplatformprojects.readonly","https://www.googleapis.com/auth/firebase","https://www.googleapis.com/auth/cloud-platform"]
[debug] [2026-06-04T12:47:48.469Z] > authorizing via signed-in user (deepstackbyaleef@gmail.com)
[debug] [2026-06-04T12:47:48.469Z] [iam] checking project kyeal-53aa2 for permissions ["firebase.projects.get","firebasehosting.sites.update"]
[debug] [2026-06-04T12:47:48.470Z] Checked if tokens are valid: false, expires at: 1780578100085
[debug] [2026-06-04T12:47:48.470Z] Checked if tokens are valid: false, expires at: 1780578100085
[debug] [2026-06-04T12:47:48.470Z] > refreshing access token with scopes: []
[debug] [2026-06-04T12:47:48.472Z] >>> [apiv2][query] POST https://www.googleapis.com/oauth2/v3/token [none]
[debug] [2026-06-04T12:47:48.472Z] >>> [apiv2][body] POST https://www.googleapis.com/oauth2/v3/token [omitted]
[debug] [2026-06-04T12:47:49.026Z] <<< [apiv2][status] POST https://www.googleapis.com/oauth2/v3/token 200
[debug] [2026-06-04T12:47:49.026Z] <<< [apiv2][body] POST https://www.googleapis.com/oauth2/v3/token [omitted]
[debug] [2026-06-04T12:47:49.031Z] >>> [apiv2][query] POST https://cloudresourcemanager.googleapis.com/v1/projects/kyeal-53aa2:testIamPermissions [none]
[debug] [2026-06-04T12:47:49.031Z] >>> [apiv2][(partial)header] POST https://cloudresourcemanager.googleapis.com/v1/projects/kyeal-53aa2:testIamPermissions  x-goog-user-project=kyeal-53aa2
[debug] [2026-06-04T12:47:49.031Z] >>> [apiv2][body] POST https://cloudresourcemanager.googleapis.com/v1/projects/kyeal-53aa2:testIamPermissions {"permissions":["firebase.projects.get","firebasehosting.sites.update"]}
[debug] [2026-06-04T12:47:51.118Z] <<< [apiv2][status] POST https://cloudresourcemanager.googleapis.com/v1/projects/kyeal-53aa2:testIamPermissions 403
[debug] [2026-06-04T12:47:51.118Z] <<< [apiv2][body] POST https://cloudresourcemanager.googleapis.com/v1/projects/kyeal-53aa2:testIamPermissions {"error":{"code":403,"message":"Caller does not have required permission to use project kyeal-53aa2. Grant the caller the roles/serviceusage.serviceUsageConsumer role, or a custom role with the serviceusage.services.use permission, by visiting https://console.developers.google.com/iam-admin/iam?project=kyeal-53aa2 and then retry. Propagation of the new permission may take a few minutes.","status":"PERMISSION_DENIED","details":[{"@type":"type.googleapis.com/google.rpc.ErrorInfo","reason":"USER_PROJECT_DENIED","domain":"googleapis.com","metadata":{"containerInfo":"kyeal-53aa2","service":"cloudresourcemanager.googleapis.com","consoleUrl":"https://console.developers.google.com/iam-admin/iam?project=kyeal-53aa2","consumer":"projects/kyeal-53aa2"}},{"@type":"type.googleapis.com/google.rpc.LocalizedMessage","locale":"en-US","message":"Caller does not have required permission to use project kyeal-53aa2. Grant the caller the roles/serviceusage.serviceUsageConsumer role, or a custom role with the serviceusage.services.use permission, by visiting https://console.developers.google.com/iam-admin/iam?project=kyeal-53aa2 and then retry. Propagation of the new permission may take a few minutes."},{"@type":"type.googleapis.com/google.rpc.Help","links":[{"description":"Google developer console IAM admin","url":"https://console.developers.google.com/iam-admin/iam?project=kyeal-53aa2"}]}]}}
[debug] [2026-06-04T12:47:51.119Z] [iam] error while checking permissions, command may fail: Request to https://cloudresourcemanager.googleapis.com/v1/projects/kyeal-53aa2:testIamPermissions had HTTP Error: 403, Caller does not have required permission to use project kyeal-53aa2. Grant the caller the roles/serviceusage.serviceUsageConsumer role, or a custom role with the serviceusage.services.use permission, by visiting https://console.developers.google.com/iam-admin/iam?project=kyeal-53aa2 and then retry. Propagation of the new permission may take a few minutes.
[debug] [2026-06-04T12:47:51.119Z] Checked if tokens are valid: true, expires at: 1780580868026
[debug] [2026-06-04T12:47:51.119Z] Checked if tokens are valid: true, expires at: 1780580868026
[debug] [2026-06-04T12:47:51.120Z] >>> [apiv2][query] GET https://firebase.googleapis.com/v1beta1/projects/kyeal-53aa2 [none]
[debug] [2026-06-04T12:47:51.705Z] <<< [apiv2][status] GET https://firebase.googleapis.com/v1beta1/projects/kyeal-53aa2 403
[debug] [2026-06-04T12:47:51.705Z] <<< [apiv2][body] GET https://firebase.googleapis.com/v1beta1/projects/kyeal-53aa2 {"error":{"code":403,"message":"The caller does not have permission","status":"PERMISSION_DENIED"}}
[debug] [2026-06-04T12:47:51.705Z] Request to https://firebase.googleapis.com/v1beta1/projects/kyeal-53aa2 had HTTP Error: 403, The caller does not have permission
[debug] [2026-06-04T12:47:51.706Z] FirebaseError: Request to https://firebase.googleapis.com/v1beta1/projects/kyeal-53aa2 had HTTP Error: 403, The caller does not have permission
    at responseToError (C:\Users\adhua\AppData\Roaming\npm\node_modules\firebase-tools\lib\responseToError.js:53:12)
    at RetryOperation._fn (C:\Users\adhua\AppData\Roaming\npm\node_modules\firebase-tools\lib\apiv2.js:333:77)
    at process.processTicksAndRejections (node:internal/process/task_queues:105:5)
[error] 
[error] Error: Failed to get Firebase project kyeal-53aa2. Please make sure the project exists and your account has permission to access it.
